\BOOKMARK [1][-]{section.1}{\376\377\137\025\212\000}{}% 1
\BOOKMARK [2][-]{subsection.1.1}{\376\377\116\073\211\201\135\345\117\134}{section.1}% 2
\BOOKMARK [1][-]{section.2}{\376\377\166\370\121\163\135\345\117\134\116\016\150\070\137\303\164\006\213\272}{}% 3
\BOOKMARK [2][-]{subsection.2.1}{\376\377\142\151\145\143\152\041\127\213\116\016\217\336\176\355\145\366\225\364\155\101}{section.2}% 4
\BOOKMARK [2][-]{subsection.2.2}{\376\377\000F\000l\000o\000w\000\040\000M\000a\000t\000c\000h\000i\000n\000g}{section.2}% 5
\BOOKMARK [1][-]{section.3}{\376\377\145\271\154\325\133\236\163\260}{}% 6
\BOOKMARK [2][-]{subsection.3.1}{\376\377\152\041\127\213\133\236\163\260}{section.3}% 7
\BOOKMARK [2][-]{subsection.3.2}{\376\377\215\357\137\204\221\115\177\156}{section.3}% 8
\BOOKMARK [2][-]{subsection.3.3}{\376\377\174\173\122\053\147\141\116\366\165\037\142\020\142\151\134\125\000\040\000\050\142\151\134\125\220\350\122\006\000\051}{section.3}% 9
\BOOKMARK [1][-]{section.4}{\376\377\213\255\176\303\217\307\172\013\116\016\157\024\123\026\122\006\147\220}{}% 10
\BOOKMARK [2][-]{subsection.4.1}{\376\377\143\137\131\061\121\375\145\160\145\066\145\133}{section.4}% 11
\BOOKMARK [2][-]{subsection.4.2}{\376\377\150\067\147\054\157\024\123\026\133\371\153\324}{section.4}% 12
\BOOKMARK [2][-]{subsection.4.3}{\376\377\154\350\377\032\000D\000D\000P\000M\166\204\133\236\232\214\217\307\172\013}{section.4}% 13
\BOOKMARK [1][-]{section.5}{\376\377\133\236\232\214\176\323\147\234\116\016\145\110\163\207\213\304\117\060}{}% 14
\BOOKMARK [2][-]{subsection.5.1}{\376\377\0002\000D\000\040\000T\000o\000y\000\040\145\160\143\156\377\032\121\340\117\125\166\364\211\311\232\214\213\301}{section.5}% 15
\BOOKMARK [3][-]{subsubsection.5.1.1}{\376\377\174\222\133\120\157\024\123\026\122\250\122\233\133\146}{subsection.5.1}% 16
\BOOKMARK [3][-]{subsubsection.5.1.2}{\376\377\217\150\217\371\116\016\124\021\221\317\127\072\122\006\147\220}{subsection.5.1}% 17
\BOOKMARK [2][-]{subsection.5.2}{\376\377\000C\000I\000F\000A\000R\000-\0001\0000\000\040\221\307\150\067\145\110\163\207\122\006\147\220}{section.5}% 18
\BOOKMARK [2][-]{subsection.5.3}{\376\377\174\173\122\053\133\232\124\021\165\037\142\020\176\323\147\234}{section.5}% 19
\BOOKMARK [1][-]{section.6}{\376\377\176\323\213\272}{}% 20
